// Jest Snapshot v1, https://goo.gl/fbAQLP

exports[`Check if Button works properly Check if snapshots are mapped properly 1`] = `
<DocumentFragment>
  <button
    data-testid="btn-test-id"
  >
    Click
  </button>
</DocumentFragment>
`;
